// Vitest Snapshot v1, https://vitest.dev/guide/snapshot.html

exports[`catalog migration matrix > freezes the real catalog metadata, order and migration provenance 1`] = `
[
  {
    "configMigrationVersions": [
      0,
    ],
    "configVersion": 1,
    "defaultSettings": {
      "showHeader": true,
    },
    "defaultSize": {
      "height": 96,
      "width": 280,
    },
    "id": "delta-original-base",
    "isDefault": true,
    "lotId": "original-01",
    "name": "Original Base",
    "parser": "parseSettings",
    "renderer": "DeltaOriginal",
    "systemId": "vantare-original",
    "systemVersion": 1,
    "visual": {
      "showHeader": true,
    },
    "widgetType": "delta",
  },
  {
    "configMigrationVersions": [
      0,
      1,
    ],
    "configVersion": 2,
    "defaultSettings": {
      "showHeader": true,
      "templateId": "delta-bar",
    },
    "defaultSize": {
      "height": 96,
      "width": 280,
    },
    "id": "delta-crystal-bar",
    "isDefault": true,
    "lotId": "crystal-06",
    "name": "Crystal Bar",
    "parser": "parseDeltaSettings",
    "renderer": "DeltaCrystal",
    "systemId": "vantare-crystal",
    "systemVersion": 1,
    "visual": {
      "showHeader": true,
      "templateId": "delta-bar",
    },
    "widgetType": "delta",
  },
  {
    "configMigrationVersions": [
      0,
    ],
    "configVersion": 1,
    "defaultSettings": {
      "showHeader": true,
    },
    "defaultSize": {
      "height": 96,
      "width": 280,
    },
    "id": "delta-time-attack",
    "isDefault": false,
    "lotId": "original-01",
    "name": "Time Attack",
    "parser": "parseSettings",
    "renderer": "DeltaOriginal",
    "systemId": "vantare-original",
    "systemVersion": 1,
    "visual": {
      "accent": "amber",
      "showHeader": false,
    },
    "widgetType": "delta",
  },
  {
    "configMigrationVersions": [
      0,
      1,
    ],
    "configVersion": 2,
    "defaultSettings": {
      "showHeader": true,
      "templateId": "delta-bar",
    },
    "defaultSize": {
      "height": 96,
      "width": 280,
    },
    "id": "delta-crystal-simple",
    "isDefault": false,
    "lotId": "crystal-15",
    "name": "Crystal Simple",
    "parser": "parseDeltaSettings",
    "renderer": "DeltaCrystal",
    "systemId": "vantare-crystal",
    "systemVersion": 1,
    "visual": {
      "showHeader": true,
      "templateId": "delta-simple",
    },
    "widgetType": "delta",
  },
  {
    "configMigrationVersions": [
      0,
    ],
    "configVersion": 1,
    "defaultSettings": {
      "compactRows": false,
      "showSessionHeader": true,
    },
    "defaultSize": {
      "height": 560,
      "width": 520,
    },
    "id": "standings-original-base",
    "isDefault": true,
    "lotId": "original-01",
    "name": "Original Base",
    "parser": "parseSettings",
    "renderer": "StandingsOriginal",
    "systemId": "vantare-original",
    "systemVersion": 1,
    "visual": {
      "compactRows": false,
      "showSessionHeader": true,
    },
    "widgetType": "standings",
  },
  {
    "configMigrationVersions": [
      0,
      1,
    ],
    "configVersion": 2,
    "defaultSettings": {
      "compactRows": false,
      "showSessionHeader": true,
      "templateId": "standings-vertical",
    },
    "defaultSize": {
      "height": 560,
      "width": 520,
    },
    "id": "standings-crystal-vertical",
    "isDefault": true,
    "lotId": "crystal-01",
    "name": "Crystal Vertical",
    "parser": "parseSettings",
    "renderer": "StandingsCrystal",
    "systemId": "vantare-crystal",
    "systemVersion": 1,
    "visual": {
      "compactRows": false,
      "showSessionHeader": true,
      "templateId": "standings-vertical",
    },
    "widgetType": "standings",
  },
  {
    "configMigrationVersions": [
      0,
    ],
    "configVersion": 1,
    "defaultSettings": {
      "accentColor": "#e63946",
      "classGt3Color": "#2ecc71",
      "classHypercarColor": "#c1121f",
      "classLmp2Color": "#0055a4",
      "classLmp3Color": "#f59e0b",
      "classUnknownColor": "#6b7280",
      "gapAheadColor": "#f87171",
      "gapBehindColor": "#4ade80",
      "showHeader": true,
    },
    "defaultSize": {
      "height": 300,
      "width": 430,
    },
    "id": "relative-original-base",
    "isDefault": true,
    "lotId": "original-01",
    "name": "Original Base",
    "parser": "parseSettings",
    "renderer": "RelativeOriginal",
    "systemId": "vantare-original",
    "systemVersion": 1,
    "visual": {
      "accentColor": "#e63946",
      "classGt3Color": "#2ecc71",
      "classHypercarColor": "#c1121f",
      "classLmp2Color": "#0055a4",
      "classLmp3Color": "#f59e0b",
      "classUnknownColor": "#6b7280",
      "gapAheadColor": "#f87171",
      "gapBehindColor": "#4ade80",
      "showHeader": true,
    },
    "widgetType": "relative",
  },
  {
    "configMigrationVersions": [
      0,
      1,
    ],
    "configVersion": 2,
    "defaultSettings": {
      "accentColor": "#e63946",
      "classGt3Color": "#2ecc71",
      "classHypercarColor": "#c1121f",
      "classLmp2Color": "#0055a4",
      "classLmp3Color": "#f59e0b",
      "classUnknownColor": "#6b7280",
      "gapAheadColor": "#f87171",
      "gapBehindColor": "#4ade80",
      "showHeader": true,
      "templateId": "relative-vertical",
    },
    "defaultSize": {
      "height": 300,
      "width": 430,
    },
    "id": "relative-crystal-vertical",
    "isDefault": true,
    "lotId": "crystal-01",
    "name": "Crystal Vertical",
    "parser": "parseSettings",
    "renderer": "RelativeCrystal",
    "systemId": "vantare-crystal",
    "systemVersion": 1,
    "visual": {
      "accentColor": "#e63946",
      "classGt3Color": "#2ecc71",
      "classHypercarColor": "#c1121f",
      "classLmp2Color": "#0055a4",
      "classLmp3Color": "#f59e0b",
      "classUnknownColor": "#6b7280",
      "gapAheadColor": "#f87171",
      "gapBehindColor": "#4ade80",
      "showHeader": true,
      "templateId": "relative-vertical",
    },
    "widgetType": "relative",
  },
  {
    "configMigrationVersions": [
      0,
    ],
    "configVersion": 1,
    "defaultSettings": {
      "pedalBrakeColor": "#e74c3c",
      "pedalClutchColor": "#3498db",
      "pedalThrottleColor": "#2ecc71",
      "transparentBackground": true,
    },
    "defaultSize": {
      "height": 160,
      "width": 120,
    },
    "id": "pedals-original-base",
    "isDefault": true,
    "lotId": "original-01",
    "name": "Original Base",
    "parser": "parseSettings",
    "renderer": "PedalsOriginal",
    "systemId": "vantare-original",
    "systemVersion": 1,
    "visual": {
      "pedalBrakeColor": "#e74c3c",
      "pedalClutchColor": "#3498db",
      "pedalThrottleColor": "#2ecc71",
      "transparentBackground": true,
    },
    "widgetType": "pedals",
  },
  {
    "configMigrationVersions": [
      0,
      1,
    ],
    "configVersion": 2,
    "defaultSettings": {
      "pedalBrakeColor": "#e74c3c",
      "pedalClutchColor": "#3498db",
      "pedalThrottleColor": "#2ecc71",
      "templateId": "pedals",
      "transparentBackground": true,
    },
    "defaultSize": {
      "height": 160,
      "width": 120,
    },
    "id": "pedals-crystal",
    "isDefault": true,
    "lotId": "crystal-04",
    "name": "Crystal V3",
    "parser": "parseSettings",
    "renderer": "PedalsCrystal",
    "systemId": "vantare-crystal",
    "systemVersion": 1,
    "visual": {
      "pedalBrakeColor": "#ff2a3b",
      "pedalClutchColor": "#f59e0b",
      "pedalThrottleColor": "#22c55e",
      "templateId": "pedals",
      "transparentBackground": true,
    },
    "widgetType": "pedals",
  },
  {
    "configMigrationVersions": [
      0,
    ],
    "configVersion": 1,
    "defaultSettings": {},
    "defaultSize": {
      "height": 112,
      "width": 300,
    },
    "id": "pedals-telemetry-original",
    "isDefault": true,
    "lotId": "original-02",
    "name": "Original Telemetry",
    "parser": "parseSettings",
    "renderer": "PedalsTelemetryOriginal",
    "systemId": "vantare-original",
    "systemVersion": 1,
    "visual": {},
    "widgetType": "pedals-telemetry",
  },
  {
    "configMigrationVersions": [
      0,
    ],
    "configVersion": 1,
    "defaultSettings": {},
    "defaultSize": {
      "height": 112,
      "width": 300,
    },
    "id": "pedals-telemetry-crystal",
    "isDefault": true,
    "lotId": "crystal-04",
    "name": "Crystal V1 Capsule",
    "parser": "parseSettings",
    "renderer": "PedalsTelemetryCrystal",
    "systemId": "vantare-crystal",
    "systemVersion": 1,
    "visual": {},
    "widgetType": "pedals-telemetry",
  },
  {
    "configMigrationVersions": [
      0,
    ],
    "configVersion": 1,
    "defaultSettings": {},
    "defaultSize": {
      "height": 92,
      "width": 260,
    },
    "id": "pedals-telemetry-compact-original",
    "isDefault": true,
    "lotId": "original-02",
    "name": "Original Compact Telemetry",
    "parser": "parseSettings",
    "renderer": "PedalsTelemetryCompactOriginal",
    "systemId": "vantare-original",
    "systemVersion": 1,
    "visual": {},
    "widgetType": "pedals-telemetry-compact",
  },
  {
    "configMigrationVersions": [
      0,
    ],
    "configVersion": 1,
    "defaultSettings": {},
    "defaultSize": {
      "height": 92,
      "width": 260,
    },
    "id": "pedals-telemetry-compact-crystal",
    "isDefault": true,
    "lotId": "crystal-04",
    "name": "Crystal V2 Low Profile",
    "parser": "parseSettings",
    "renderer": "PedalsTelemetryCompactCrystal",
    "systemId": "vantare-crystal",
    "systemVersion": 1,
    "visual": {},
    "widgetType": "pedals-telemetry-compact",
  },
  {
    "configMigrationVersions": [
      0,
    ],
    "configVersion": 1,
    "defaultSettings": {},
    "defaultSize": {
      "height": 88,
      "width": 280,
    },
    "id": "racing-flags-original",
    "isDefault": true,
    "lotId": "original-02",
    "name": "Original Racing Flags",
    "parser": "parseSettings",
    "renderer": "RacingFlagsOriginal",
    "systemId": "vantare-original",
    "systemVersion": 1,
    "visual": {},
    "widgetType": "racing-flags",
  },
  {
    "configMigrationVersions": [
      0,
    ],
    "configVersion": 1,
    "defaultSettings": {},
    "defaultSize": {
      "height": 88,
      "width": 280,
    },
    "id": "racing-flags-crystal",
    "isDefault": true,
    "lotId": "crystal-05",
    "name": "Crystal Racing Flags",
    "parser": "parseSettings",
    "renderer": "RacingFlagsCrystal",
    "systemId": "vantare-crystal",
    "systemVersion": 1,
    "visual": {},
    "widgetType": "racing-flags",
  },
  {
    "configMigrationVersions": [
      0,
    ],
    "configVersion": 1,
    "defaultSettings": {},
    "defaultSize": {
      "height": 260,
      "width": 520,
    },
    "id": "broadcast-tower-original",
    "isDefault": true,
    "lotId": "original-02",
    "name": "Original Broadcast Tower",
    "parser": "parseSettings",
    "renderer": "BroadcastTowerOriginal",
    "systemId": "vantare-original",
    "systemVersion": 1,
    "visual": {},
    "widgetType": "broadcast-tower",
  },
  {
    "configMigrationVersions": [
      0,
    ],
    "configVersion": 1,
    "defaultSettings": {},
    "defaultSize": {
      "height": 260,
      "width": 520,
    },
    "id": "broadcast-tower-crystal",
    "isDefault": true,
    "lotId": "crystal-02",
    "name": "Crystal Broadcast Tower",
    "parser": "parseSettings",
    "renderer": "BroadcastTowerCrystal",
    "systemId": "vantare-crystal",
    "systemVersion": 1,
    "visual": {},
    "widgetType": "broadcast-tower",
  },
  {
    "configMigrationVersions": [
      0,
    ],
    "configVersion": 1,
    "defaultSettings": {},
    "defaultSize": {
      "height": 128,
      "width": 360,
    },
    "id": "head-to-head-original",
    "isDefault": true,
    "lotId": "original-02",
    "name": "Original Head to Head",
    "parser": "parseSettings",
    "renderer": "HeadToHeadOriginal",
    "systemId": "vantare-original",
    "systemVersion": 1,
    "visual": {},
    "widgetType": "head-to-head",
  },
  {
    "configMigrationVersions": [
      0,
    ],
    "configVersion": 1,
    "defaultSettings": {},
    "defaultSize": {
      "height": 128,
      "width": 360,
    },
    "id": "head-to-head-crystal",
    "isDefault": true,
    "lotId": "crystal-07",
    "name": "Crystal Head to Head",
    "parser": "parseSettings",
    "renderer": "HeadToHeadCrystal",
    "systemId": "vantare-crystal",
    "systemVersion": 1,
    "visual": {},
    "widgetType": "head-to-head",
  },
  {
    "configMigrationVersions": [
      0,
    ],
    "configVersion": 1,
    "defaultSettings": {},
    "defaultSize": {
      "height": 140,
      "width": 360,
    },
    "id": "input-telemetry-original",
    "isDefault": true,
    "lotId": "original-03",
    "name": "Original Input Telemetry",
    "parser": "parseSettings",
    "renderer": "InputTelemetryOriginal",
    "systemId": "vantare-original",
    "systemVersion": 1,
    "visual": {},
    "widgetType": "input-telemetry",
  },
  {
    "configMigrationVersions": [
      0,
    ],
    "configVersion": 1,
    "defaultSettings": {
      "templateId": "input-blade",
    },
    "defaultSize": {
      "height": 140,
      "width": 360,
    },
    "id": "input-crystal-blade",
    "isDefault": true,
    "lotId": "crystal-10",
    "name": "Crystal Input Blade",
    "parser": "parseSettings",
    "renderer": "InputTelemetryCrystal",
    "systemId": "vantare-crystal",
    "systemVersion": 1,
    "visual": {
      "templateId": "input-blade",
    },
    "widgetType": "input-telemetry",
  },
  {
    "configMigrationVersions": [
      0,
    ],
    "configVersion": 1,
    "defaultSettings": {
      "templateId": "input-blade",
    },
    "defaultSize": {
      "height": 140,
      "width": 360,
    },
    "id": "input-crystal-capsule",
    "isDefault": false,
    "lotId": "crystal-10",
    "name": "Crystal Input Capsule",
    "parser": "parseSettings",
    "renderer": "InputTelemetryCrystal",
    "systemId": "vantare-crystal",
    "systemVersion": 1,
    "visual": {
      "templateId": "input-capsule",
    },
    "widgetType": "input-telemetry",
  },
  {
    "configMigrationVersions": [
      0,
    ],
    "configVersion": 1,
    "defaultSettings": {
      "templateId": "input-blade",
    },
    "defaultSize": {
      "height": 140,
      "width": 360,
    },
    "id": "input-crystal-dense",
    "isDefault": false,
    "lotId": "crystal-10",
    "name": "Crystal Input Dense",
    "parser": "parseSettings",
    "renderer": "InputTelemetryCrystal",
    "systemId": "vantare-crystal",
    "systemVersion": 1,
    "visual": {
      "templateId": "input-dense",
    },
    "widgetType": "input-telemetry",
  },
  {
    "configMigrationVersions": [
      0,
    ],
    "configVersion": 1,
    "defaultSettings": {},
    "defaultSize": {
      "height": 220,
      "width": 420,
    },
    "id": "multiclass-relative-original",
    "isDefault": true,
    "lotId": "original-03",
    "name": "Original Multiclass Relative",
    "parser": "parseSettings",
    "renderer": "MulticlassRelativeOriginal",
    "systemId": "vantare-original",
    "systemVersion": 1,
    "visual": {},
    "widgetType": "multiclass-relative",
  },
  {
    "configMigrationVersions": [
      0,
    ],
    "configVersion": 1,
    "defaultSettings": {},
    "defaultSize": {
      "height": 220,
      "width": 420,
    },
    "id": "multiclass-relative-crystal",
    "isDefault": true,
    "lotId": "crystal-08",
    "name": "Crystal Multiclass Relative",
    "parser": "parseSettings",
    "renderer": "MulticlassRelativeCrystal",
    "systemId": "vantare-crystal",
    "systemVersion": 1,
    "visual": {},
    "widgetType": "multiclass-relative",
  },
  {
    "configMigrationVersions": [
      0,
    ],
    "configVersion": 1,
    "defaultSettings": {},
    "defaultSize": {
      "height": 124,
      "width": 360,
    },
    "id": "delta-advanced-original",
    "isDefault": true,
    "lotId": "original-03",
    "name": "Original Delta Advanced",
    "parser": "parseSettings",
    "renderer": "DeltaAdvancedOriginal",
    "systemId": "vantare-original",
    "systemVersion": 1,
    "visual": {},
    "widgetType": "delta-advanced",
  },
  {
    "configMigrationVersions": [
      0,
    ],
    "configVersion": 1,
    "defaultSettings": {},
    "defaultSize": {
      "height": 124,
      "width": 360,
    },
    "id": "delta-advanced-crystal",
    "isDefault": true,
    "lotId": "crystal-16",
    "name": "Crystal Delta Advanced",
    "parser": "parseSettings",
    "renderer": "DeltaAdvancedCrystal",
    "systemId": "vantare-crystal",
    "systemVersion": 1,
    "visual": {},
    "widgetType": "delta-advanced",
  },
  {
    "configMigrationVersions": [
      0,
    ],
    "configVersion": 1,
    "defaultSettings": {},
    "defaultSize": {
      "height": 204,
      "width": 680,
    },
    "id": "fuel-strategy-original",
    "isDefault": true,
    "lotId": "original-03",
    "name": "Original Fuel Strategy",
    "parser": "parseSettings",
    "renderer": "FuelStrategyOriginal",
    "systemId": "vantare-original",
    "systemVersion": 1,
    "visual": {},
    "widgetType": "fuel-strategy",
  },
  {
    "configMigrationVersions": [
      0,
    ],
    "configVersion": 1,
    "defaultSettings": {},
    "defaultSize": {
      "height": 204,
      "width": 680,
    },
    "id": "fuel-strategy-crystal-unified",
    "isDefault": true,
    "lotId": "crystal-03",
    "name": "Crystal Fuel Strategy",
    "parser": "parseSettings",
    "renderer": "FuelStrategyCrystal",
    "systemId": "vantare-crystal",
    "systemVersion": 1,
    "visual": {},
    "widgetType": "fuel-strategy",
  },
  {
    "configMigrationVersions": [
      0,
    ],
    "configVersion": 1,
    "defaultSettings": {},
    "defaultSize": {
      "height": 144,
      "width": 1000,
    },
    "id": "delta-trace-original",
    "isDefault": true,
    "lotId": "original-03",
    "name": "Original Delta Trace",
    "parser": "parseSettings",
    "renderer": "DeltaTraceOriginal",
    "systemId": "vantare-original",
    "systemVersion": 1,
    "visual": {},
    "widgetType": "delta-trace",
  },
  {
    "configMigrationVersions": [
      0,
    ],
    "configVersion": 1,
    "defaultSettings": {},
    "defaultSize": {
      "height": 144,
      "width": 1000,
    },
    "id": "delta-trace-crystal",
    "isDefault": true,
    "lotId": "crystal-12",
    "name": "Crystal Delta Trace",
    "parser": "parseSettings",
    "renderer": "DeltaTraceCrystal",
    "systemId": "vantare-crystal",
    "systemVersion": 1,
    "visual": {},
    "widgetType": "delta-trace",
  },
  {
    "configMigrationVersions": [
      0,
    ],
    "configVersion": 1,
    "defaultSettings": {},
    "defaultSize": {
      "height": 583,
      "width": 780,
    },
    "id": "race-schedule-original",
    "isDefault": true,
    "lotId": "original-04",
    "name": "Original Race Schedule",
    "parser": "parseSettings",
    "renderer": "RaceScheduleOriginal",
    "systemId": "vantare-original",
    "systemVersion": 1,
    "visual": {},
    "widgetType": "race-schedule",
  },
  {
    "configMigrationVersions": [
      0,
    ],
    "configVersion": 1,
    "defaultSettings": {},
    "defaultSize": {
      "height": 583,
      "width": 780,
    },
    "id": "race-schedule-crystal",
    "isDefault": true,
    "lotId": "crystal-09",
    "name": "Crystal Race Schedule",
    "parser": "parseSettings",
    "renderer": "RaceScheduleCrystal",
    "systemId": "vantare-crystal",
    "systemVersion": 1,
    "visual": {},
    "widgetType": "race-schedule",
  },
  {
    "configMigrationVersions": [
      0,
    ],
    "configVersion": 1,
    "defaultSettings": {},
    "defaultSize": {
      "height": 421,
      "width": 240,
    },
    "id": "track-weather-original",
    "isDefault": true,
    "lotId": "original-04",
    "name": "Original Track Weather",
    "parser": "parseSettings",
    "renderer": "TrackWeatherOriginal",
    "systemId": "vantare-original",
    "systemVersion": 1,
    "visual": {},
    "widgetType": "track-weather",
  },
  {
    "configMigrationVersions": [
      0,
    ],
    "configVersion": 1,
    "defaultSettings": {},
    "defaultSize": {
      "height": 421,
      "width": 240,
    },
    "id": "track-weather-crystal",
    "isDefault": true,
    "lotId": "crystal-11",
    "name": "Crystal Track Weather",
    "parser": "parseSettings",
    "renderer": "TrackWeatherCrystal",
    "systemId": "vantare-crystal",
    "systemVersion": 1,
    "visual": {},
    "widgetType": "track-weather",
  },
  {
    "configMigrationVersions": [
      0,
    ],
    "configVersion": 1,
    "defaultSettings": {},
    "defaultSize": {
      "height": 191,
      "width": 150,
    },
    "id": "car-damage-visual-original",
    "isDefault": true,
    "lotId": "original-04",
    "name": "Original Car Damage Visual",
    "parser": "parseSettings",
    "renderer": "CarDamageVisualOriginal",
    "systemId": "vantare-original",
    "systemVersion": 1,
    "visual": {},
    "widgetType": "car-damage-visual",
  },
  {
    "configMigrationVersions": [
      0,
    ],
    "configVersion": 1,
    "defaultSettings": {},
    "defaultSize": {
      "height": 191,
      "width": 150,
    },
    "id": "car-damage-visual-crystal",
    "isDefault": true,
    "lotId": "crystal-13",
    "name": "Crystal Car Damage Visual",
    "parser": "parseSettings",
    "renderer": "CarDamageVisualCrystal",
    "systemId": "vantare-crystal",
    "systemVersion": 1,
    "visual": {},
    "widgetType": "car-damage-visual",
  },
  {
    "configMigrationVersions": [
      0,
    ],
    "configVersion": 1,
    "defaultSettings": {},
    "defaultSize": {
      "height": 149,
      "width": 140,
    },
    "id": "car-damage-numbers-original",
    "isDefault": true,
    "lotId": "original-04",
    "name": "Original Car Damage Numbers",
    "parser": "parseSettings",
    "renderer": "CarDamageNumbersOriginal",
    "systemId": "vantare-original",
    "systemVersion": 1,
    "visual": {},
    "widgetType": "car-damage-numbers",
  },
  {
    "configMigrationVersions": [
      0,
    ],
    "configVersion": 1,
    "defaultSettings": {},
    "defaultSize": {
      "height": 149,
      "width": 140,
    },
    "id": "car-damage-numbers-crystal",
    "isDefault": true,
    "lotId": "crystal-14",
    "name": "Crystal Car Damage Numbers",
    "parser": "parseSettings",
    "renderer": "CarDamageNumbersCrystal",
    "systemId": "vantare-crystal",
    "systemVersion": 1,
    "visual": {},
    "widgetType": "car-damage-numbers",
  },
  {
    "configMigrationVersions": [
      0,
    ],
    "configVersion": 1,
    "defaultSettings": {},
    "defaultSize": {
      "height": 112,
      "width": 440,
    },
    "id": "engineer-radio-crystal",
    "isDefault": true,
    "lotId": "crystal-engineer",
    "name": "Crystal Engineer Radio",
    "parser": "parseSettings",
    "renderer": "EngineerRadioCrystal",
    "systemId": "vantare-crystal",
    "systemVersion": 1,
    "visual": {},
    "widgetType": "engineer-radio",
  },
]
`;
